Trying sitemap: https://mullingarpewter.com/product-sitemap.xml
  miss: HTTP Error 404: Not Found
Trying sitemap: https://mullingarpewter.com/sitemap_products_1.xml
  miss: HTTP Error 400: Bad Request
Trying sitemap: https://mullingarpewter.com/wp-sitemap-posts-product-1.xml
  miss: HTTP Error 404: Not Found
Trying sitemap: https://mullingarpewter.com/sitemap.xml
Trying sitemap: https://mullingarpewter.com/sitemap_agentic_discovery.xml
  found 0 product URLs
Trying sitemap: https://mullingarpewter.com/sitemap_products_1.xml?from=8513642889&to=15501289750863
  found 147 product URLs
Trying sitemap: https://mullingarpewter.com/sitemap_pages_1.xml?from=226825289&to=696939217231
  found 0 product URLs
Trying sitemap: https://mullingarpewter.com/sitemap_collections_1.xml?from=338151049&to=668642246991
  found 0 product URLs
Trying sitemap: https://mullingarpewter.com/sitemap_blogs_1.xml
  found 0 product URLs
  found 0 product URLs
Discovery complete: 177 product URLs (limit 500)
[1/177] Mullingar Pewter Irish Wedding Cake Knife & Server Collection → cake-server
[2/177] Mullingar Pewter Plain Pint Tankard → plain-pewter-pint-tankard
[3/177] Mullingar Pewter Irish Woodlands Themed Tankards → woodlands-tankards
[4/177] Mullingar Pewter Service/Award Engravable Plate. → engravable-pewter-award-service-plate
[5/177] Mullingar Pewter Kells Design Picture Frame Collection - Exclusive → celtic-book-of-kells-frames
[6/177] Mullingar Pewter Men Of Aran Pewter Sculpture. → men-of-aran-sculpture-in-irish-pewter
[7/177] Mullingar Pewter Dairy Cow sculpture Award → the-cow-award
[8/177] Mullingar Pewter Irish Leprechaun Measure/Shot → pewter-irish-leprechaun-measure-shot
[9/177] Mullingar Pewter Goblets depicting Letters from the Book of Kells → kells-goblet
[10/177] Mullingar Pewter Bridge Card Hand Card Game Trophy → bridge-card-hand-trophy
[11/177] Mullingar Pewter Irish Celtic Double Shot/Measure → celtic-pewter-measure-2oz
[12/177] Mullingar Irish Pewter Celtic Double Shot Measure with Handle → celtic-measure-handle-2oz
[13/177] Stainless Steel Drinks Flask with Celtic Pewter Design → stainless-steel-pewter-flask
[14/177] Stainless Steel Flask with Pewter Celtic Design → stainless-steel-pewter-flask-large-design
[15/177] Pewter Emblem Stainless Steel Army Pocket Penknife → pewter-emblem-stainless-steel-army-pocket-penknife
[16/177] Ireland Bottle Opener with Pewter Design - Exclusive Product → ireland-bottle-opener-with-pewter-design
[17/177] Mullingar Pewter letter opener with Claddagh/Trinity Design → pewter-paperknife-trinity-design
[18/177] Pewter Letter Opener Celtic Dragon Design - Exclusive Item. → pewter-paperknife-kells-design
[19/177] Mullingar Pewter Rose/Heart Shaped Jewellery Box in Claddagh or Mom. → rose-heart-shaped-jewellery-box
[20/177] Mullingar Pewter Heart Shaped Jewelry Box MOM. Claddagh or Plain → heart-shaped-jewellery-box
[21/177] Mullingar Pewter Exclusive Limited Edition Irish Pewter Tea & Coffee Set → a-pewter-tea-coffee-set
[22/177] Mullingar Pewter Ladies Bangle in 2 designs → pewter-bangle-bracelet
[23/177] Mullingar Pewter Exclusive Letter Opener Irish Designs → letter-opener-irish-designs
[24/177] Mullingar Pewter Medieval Pewter Chess Set with Board → pewter-medieval-chess-set-with-board
[25/177] Mullingar Pewter Irish Money Clip Collection. → money-clip-easter-rising-centenary
[26/177] Mullingar Pewter Door Knocker Collection → celtic-door-knocker
[27/177] Mullingar Pewter Cross of the Scriptures Clonmacnoise Holy water Font → pewter-clonmacnoise-font
[28/177] Mullingar Pewter Irish St Patrick Statue   -  Small. → st-patrick-statue-3-5-high
[29/177] High Cross of Durrow Replica by Mullingar Pewter → durrow-cross
[30/177] Mullingar Pewter Irish St. Patrick's Cross. → st-patricks-cross
[31/177] Mullingar Pewter Irish Standing Celtic Cross. → standing-celtic-cross-7-high
[32/177] Mullingar Pewter Irish Claddagh Cross → claddagh-cross-8-high
[33/177] Mullingar Pewter Irish Celtic Cross → celtic-cross-8-high
[34/177] St. Patrick's Font - Exclusive Item. → st-patricks-font-8-high
[35/177] Mullingar Pewter Celtic Cross  - Small. → celtic-cross-3-5-high
[36/177] Cross of the Scriptures, Clonmacnoise High Cross, by Mullingar Pewter → standing-clonmacnoise-cross
[37/177] Mullingar Pewter Irish St Brigid's Cross → st-bridgets-cross
[38/177] Mullingar Pewter Christmas Nativity Crib Set on wood → christmas-nativity-crib-set
[39/177] Mullingar Pewter Irish Claddagh/Celtic Stem Candleholder → stem-candleholder
[40/177] Mullingar Pewter Kells Pewter Candle Holders with candles → kells-candlesticks-set-of-two-with-candles
[41/177] Mullingar Pewter Beakers with Woodlands Designs. → woodlands-beakers
[42/177] Mullingar Pewter Mythical Ireland Pewter Beaker → mythical-ireland-pewter-beakers
[43/177] Mullingar Pewter Scenes of Dublin Pewter Finish Wall Plate → dublin-scenes-pewter-finish-plate
[44/177] Mullingar Pewter - Scenes of Ireland Wall Plaque, Pewter Finish → scenes-of-ireland-wall-plaque-pewter-finish
[45/177] Mullingar Pewter Irish Engravable Pewter Birth Plaque → mullingar-pewter-irish-engravable-birth-plaque
[46/177] Mullingar Pewter Irish Baby Cutlery Set. → baby-cutlery-set
[47/177] Mullingar Pewter Irish Baby Christening Cup Collection. → christening-cup
[48/177] Celtic Irish Pewter Picture Photo Frames → celtic-frames
[49/177] Mullingar Pewter Mythical Ireland Pewter Wine Goblets. → mythical-ireland-pewter-wine-goblets
[50/177] Mullingar Pewter Irish Jewellery Box with choice of design → jewelry-box
[51/177] Pewter finish Birth Certificate Christening Gift Box. → pewter-birth-certificate-box
[52/177] Mullingar Pewter Heart Shaped "I Love You" Jewelry Box → i-love-you-jewellery-box
[53/177] Mullingar Pewter Irish Wine Stopper Collection → irish-pewter-wine-stopper
[54/177] Leather Credit Card/Money Clip with an Irish Mullingar Pewter Emblem → credit-card-holder-money-clip-harp
[55/177] Magnetic Leather & Pewter Money Clip Collection → magnetic-leather-money-clip-shamrock
[56/177] Mullingar Pewter Celtic Heart shaped Jewellery Box → valentine-jewellery-box
[57/177] Mullingar Pewter Oval shaped Jewellery Box with Rose Detail. → pewter-oval-claddagh-rose-jewellery-box
[58/177] Flask with Pewter Celtic Design → flask-celtic-design
[59/177] Stainless Steel Whiskey Flask with Pewter Ireland Emblem → flask-ireland-landmarks
[60/177] Mullingar Pewter Roman Pewter Chess Set and Board → pewter-roman-chess-set
[61/177] Mullingar Pewter Viking Pewter Chess Set with Board → viking-pewter-chess-set
[62/177] Mullingar Pewter Mythical Chess Set with Wood Board → pewter-mythical-chess-set-with-board
[63/177] Dear Old Dublin - Set of 4 Dublin plates Pewter finished - Special Offer → dear-old-dublin-pewter-finish-collectors-plates
[64/177] Mullingar Pewter Irish Evangelist Goblets → mullingar-pewter-evangelists-goblets
[65/177] Mullingar Pewter Irish Evangelist Goblets → mullingar-pewter-evangelists-goblets-special-offer-set-of-4
[66/177] Mullingar Pewter Irish Celtic Design Pen. → pewter-pen
[67/177] Corkscrew Wine Opener with Pewter Celtic Irish  Design → corkscrew-wine-opener
[68/177] Mullingar Pewter Measure & Shots Collection → pewter-whiskey-measures-shots
[69/177] Irish Literature Bookmark Collection by Mullingar Pewter → book-mark
[70/177] Mullingar Pewter Ladies Pendant Watches – Irish & Celtic Designs → ladies-pendant-watch-irish-designs
[71/177] Stainless Steel Drinks Flask with Pewter Celtic Dragon Design → whiskey-flask-celtic-dragon-slimline-6oz
[72/177] Gents Mechanical Pewter Pocket Watch Collection → gents-mechanical-pocket-watch-collection
[73/177] Mullingar Pewter Tie Pin & Cufflinks → tie-pin-cufflinks
[74/177] Stainless Steel Drinks Flask with Pewter Celtic Design → celtic-whiskey-flask-9oz
[75/177] Mullingar Pewter Round Pocket Whiskey Flask with Expandable Cup. → round-pocket-whiskey-flask-with-expandable-cup
[76/177] Mullingar Pewter Whiskey Flask with Glass Center Collection. → whiskey-flask-glass-center-collection-6oz
[77/177] Mullingar Pewter Dublin Measure → dublin-measure
[78/177] Keepsake Urns Pewter finish → mini-keepsake-urns
[79/177] Stainless Steel Flask with Various Irish Designs in Pewter → stainless-steel-flask-with-pewter-design-collection
[80/177] Mullingar Pewter Glass Beer Tankard in presentation box. → glass-beer-tankard-with-pewter-design
[81/177] Mullingar Pewter set of crystal whiskey glasses with a pewter disc embossed → whiskey-glass-set-of-2
[82/177] Mullingar Pewter Irish Woodlands Themed Measures → woodlands-measure
[83/177] Gift Voucher by Mullingar Pewter → gift-card
[84/177] Irish Celtic Hair Clasps – Mullingar Pewter | Handmade in Ireland → irish-celtic-hair-clasps-mullingar-pewter-handmade-in-ireland
[85/177] Pewter Barrette Hair Pin - Celtic Designs. → barrette-hair-pin-celtic-2-types
[86/177] Pewter Barrette Hair Clip Celtic or Kells. → barrette-hair-clip-celtic-2-types
[87/177] Hair Comb Slide - Celtic/Kells Design made of Pewter → hair-comb-celtic-kells
[88/177] Irish Pewter Hair/Beard Beads in Celtic Design. (Set of 3) → set-of-3-hair-beard-beads-celtic-design
[89/177] Celtic Irish Pewter Hair Bobbles by Mullingar Pewter → celtic-hair-bobbles-trinity-claddagh
[90/177] Celtic Irish Pewter Frameless Frame Collection → celtic-frameless-frame-collection
[91/177] Celtic Irish Pewter Finish Picture Frame Collection → celtic-pewter-picture-frame-collection
[92/177] Mullingar Pewter Irish Wine Corkscrew Collection → corkscrew-bottle-opener-collection
[93/177] Mullingar Pewter Drinks Beer Glass Tankard Ireland/USA flags → glass-tankard-ireland-usa-flags
[94/177] Mullingar Pewter whiskey glass set with Irish/ American flags → glass-tumblers-with-ireland-usa-flags
[95/177] Mullingar Pewter Celtic Irish Cuff Bangle → large-celtic-cuff-bangle
[96/177] Mullingar Pewter Irish Celtic Draughts/Checkers Set → celtic-pewter-draughts-set
[97/177] Mullingar Pewter Contemporary Irish Made Pewter Chess Set → pewter-contemporary-chess-set
[98/177] Mullingar Pewter Letter Opener with Celtic or Claddagh design → pewter-letter-openers-celtic-and-claddagh
[99/177] Mullingar Pewter Wildlife Shot Measures with Handle. → wildlife-handled-shot-measures-worldwide-shipping-included
[100/177] Mullingar Pewter Celtic or Traditional Bookmarks. → celtic-and-traditional-bookmarks-worldwide-shipping-included
[101/177] Mullingar Pewter Phone Pop Socket Holder for cell and mobile phones → pop-socket-phone-holders-worldwide-shipping-included
[102/177] Mullingar Pewter Crucifix of Christ on the Cross → pewter-crucifix
[103/177] Scenes of Ireland 4x6 inch Photo Frame Pewter finish → ireland-picture-frame-pewter-finish
[104/177] Dublin Photo Frame with a Pewter Finish → dublin-scenes-pewter-finish-4x6-photo-frame
[105/177] Mullingar Pewter Irish Celtic Claddagh Wall Cross → celtic-claddagh-wall-cross
[106/177] Mullingar Pewter Muiredach High Cross. → muiredach-cross-in-irish-pewter
[107/177] Mullingar Pewter Celtic Irish Pewter Shot Measure → celtic-shot-measure-with-handle
[108/177] Stainless Steel Drinks Flask with Celtic Pewter Design → drinks-flask-celtic-design-price-includes-shipping
[109/177] Mullingar Pewter Set of 4 Mythical Irish Goblets. → set-of-4-mythical-irish-wine-goblets-price-includes-shipping
[110/177] Mullingar Pewter Set of 4 Mythical Ireland Celtic Wine Beakers. → set-of-4-mythical-ireland-pewter-tumblers
[111/177] Gents Shamrock Pewter Mechanical Open Face Pocket Watch and Cufflinks Set → gents-mechanical-watch-and-cufflinks-set
[112/177] Gents Shamrock Pewter Quartz Pocket Watch & Cufflinks set → gents-quartz-watch-and-cufflinks-set-price-includes-shipping
[113/177] Mechanical Pewter pocket watch and cufflinks set  in a Claddagh design. → claddagh-1-gents-mechanical-pocket-watch-and-cufflinks-set-price-includes-shipping
[114/177] Claddagh Open Face Gents Mechanical Pocket Watch and Cufflinks. → claddagh-open-face-gents-mechanical-watch-and-cufflinks-price-includes-shipping
[115/177] Claddagh Gents Quartz Pewter Pocket watch & Cufflinks set → claddagh-gents-quartz-pocket-watch-and-cufflinks-set-price-includes-shipping
[116/177] Irish Pewter Jewellery Boxes - Mom Design, Claddagh or Plain → irish-pewter-jewelry-boxes-mom-design-claddagh-or-plain
[117/177] Mullingar Pewter Celtic Scarf Ring → scarf-ring-with-celtic-motif-price-includes-shipping
[118/177] Mullingar Pewter USA Flag Money Clip. → usa-flag-money-clip
[119/177] USA Theme Gents Mechanical Pewter Pocket Watch. → usa-theme-gents-mechanical-pewter-pocket-watch
[120/177] USA Flag made of Mullingar Pewter, on a Stainless steel Hipflask → usa-flag-made-of-pewter-on-a-stainless-steel-hipflask
[121/177] Mechanical Pocket Watch & Cufflinks Set - Large Shamrock → mechanical-pocket-watch-cufflinks-set-large-shamrock1-price-includes-shipping
[122/177] Mechanical Pocket Watch & Cufflinks - Large Claddagh → mechanical-pocket-watch-cufflinks-large-claddagh-1-price-includes-shipping
[123/177] Mullingar Pewter Glass Shot with Irish Pewter Embellishment → glass-shot-glasses-with-pewter-embellishment
[124/177] Mullingar Pewter Christmas Tree Decoration - Irish Collection → irish-christmas-collection
[125/177] Mullingar Pewter Christmas Tree Decoration – Classic Collection → classic-christmas-collection
[126/177] Mullingar Pewter Christmas Tree Decoration - Traditional Collection → traditional-christmas-decoration-collection
[127/177] Queen Elizabeth Platinum Commemorative Pewter Bookmark → queen-elizabeth-pewter-bookmark
[128/177] Miniature Pewter Harp Ornament by Mullingar Pewter → miniature-pewter-harp-ornament
[129/177] Mullingar Pewter Exclusive - Irish Legends Pewter Goblet → irish-legends-pewter-goblet
[130/177] Mullingar Pewter Irish Legends Pewter Tankard → irish-legends-pewter-tankard
[131/177] Mullingar Pewter Exclusive Irish Legends Beaker → exclusive-irish-legends-beaker
[132/177] Mullingar Pewter Celtic Pewter Whiskey Shot/Measure → celtic-pewter-whiskey-measure
[133/177] Mullingar Pewter Irish Engravable Baby Shoe → engravable-pewter-baby-shoe
[134/177] Pewter Decorated Celtic Pocket Tool → celtic-pocket-tool
[135/177] Mullingar Pewter Drinks Flask with Irish Embellishment → drink-flask-with-pewter-embellishment
[136/177] Crystal and Pewter Decanter presentation box set with 4 glasses → decanter-presentation-box-with-4-glasses
[137/177] Celtic Design Tealight Holder by Mullingar Pewter → pewter-tealight-holder
[138/177] Mullingar Pewter Cut Whiskey Crystal Glass  Gift Presentation set. → mullingar-pewter-cut-whiskey-glass-gift-presentation
[139/177] Pewter and Crystal Glass Gift Set by Mullingar Pewter → mullingar-pewter-crystal-glasses-gift-set
[140/177] Mullingar Pewter Battle of Clontarf Pewter Chess Set → battle-of-clontarf-pewter-chess-set
[141/177] Unisex Leather-like Wristband with Irish Pewter Design → unisex-leather-like-wristband-with-irish-pewter-design
[142/177] Mullingar Pewter Antique Finish Tankard → mullingar-pewter-antique-finish-tankard
[143/177] Copper Coloured Tankard with Pewter Base and Irish Design → copper-coloured-tankard-with-pewter-base-and-irish-design
[144/177] Copper Coloured Tankard with Pewter Base and Irish Design → copper-coloured-tankard-with-pewter-base-and-irish-design-1
[145/177] Silver Coloured Tankard with Pewter Base and Irish Pewter Designs → silver-coloured-tankard-with-pewter-base-and-irish-pewter-designs
[146/177] Silver Coloured Tankard with Pewter Base and Irish Designs → silver-coloured-tankard-with-pewter-base-and-irish-designs
[147/177] Battle of the Boyne Irish Pewter Chess Set → battle-of-the-boyne-irish-pewter-chess-set
[148/177] Mullingar Pewter Irish Wedding Cake Knife & Server Collection → cake-server-626338
[149/177] Celtic Irish Pewter Picture Photo Frames → celtic-frames-8a51e0
[150/177] Celtic Irish Pewter Finish Picture Frame Collection → celtic-pewter-picture-frame-collection-80a6a4
[151/177] Mullingar Pewter Kells Design Picture Frame Collection - Exclusive → celtic-book-of-kells-frames-6e6598
[152/177] Mechanical Pocket Watch & Cufflinks - Large Claddagh → mechanical-pocket-watch-cufflinks-large-claddagh-1-price-includes-shipping-92ea78
[153/177] Celtic Irish Pewter Frameless Frame Collection → celtic-frameless-frame-collection-35ab12
[154/177] Mullingar Pewter Mythical Ireland Pewter Wine Goblets. → mythical-ireland-pewter-wine-goblets-54d058
[155/177] Mullingar Pewter Irish Evangelist Goblets → mullingar-pewter-evangelists-goblets-712bfd
[156/177] Mullingar Pewter Exclusive - Irish Legends Pewter Goblet → irish-legends-pewter-goblet-4c7a57
[157/177] Mullingar Pewter Goblets depicting Letters from the Book of Kells → kells-goblet-9ce970
[158/177] FAIL https://mullingarpewter.com/collections/chess-boards/products/the-treaty-chess-set-exclusive-to-mullingarpewer-com/: HTTP Error 404: Not Found
[159/177] FAIL https://mullingarpewter.com/shop/{{url}}/: HTTP Error 404: Not Found
[160/177] Battle of the Boyne Irish Pewter Chess Set → battle-of-the-boyne-irish-pewter-chess-set-00cadf
[161/177] Celtic Design Tealight Holder by Mullingar Pewter → pewter-tealight-holder-e40e6c
[162/177] Celtic Irish Pewter Finish Picture Frame Collection → celtic-pewter-picture-frame-collection-80a6a4-2
[163/177] Celtic Irish Pewter Frameless Frame Collection → celtic-frameless-frame-collection-35ab12-2
[164/177] Celtic Irish Pewter Hair Bobbles by Mullingar Pewter → celtic-hair-bobbles-trinity-claddagh-785c10
[165/177] Celtic Irish Pewter Picture Photo Frames → celtic-frames-8a51e0-2
[166/177] Claddagh Gents Quartz Pewter Pocket watch & Cufflinks set → claddagh-gents-quartz-pocket-watch-and-cufflinks-set-price-includes-shipping-116e24
[167/177] Claddagh Open Face Gents Mechanical Pocket Watch and Cufflinks. → claddagh-open-face-gents-mechanical-watch-and-cufflinks-price-includes-shipping-b38043
[168/177] Copper Coloured Tankard with Pewter Base and Irish Design → copper-coloured-tankard-with-pewter-base-and-irish-design-51f597
[169/177] Copper Coloured Tankard with Pewter Base and Irish Design → copper-coloured-tankard-with-pewter-base-and-irish-design-1-b43910
[170/177] Corkscrew Wine Opener with Pewter Celtic Irish  Design → corkscrew-wine-opener-442491
[171/177] Cross of the Scriptures, Clonmacnoise High Cross, by Mullingar Pewter → standing-clonmacnoise-cross-716960
[172/177] Crystal and Pewter Decanter presentation box set with 4 glasses → decanter-presentation-box-with-4-glasses-62877e
[173/177] Dear Old Dublin - Set of 4 Dublin plates Pewter finished - Special Offer → dear-old-dublin-pewter-finish-collectors-plates-e921c8
[174/177] Dublin Photo Frame with a Pewter Finish → dublin-scenes-pewter-finish-4x6-photo-frame-cbad1d
[175/177] Flask with Pewter Celtic Design → flask-celtic-design-769c4b
[176/177] Gents Mechanical Pewter Pocket Watch Collection → gents-mechanical-pocket-watch-collection-5edf32
[177/177] Gents Shamrock Pewter Mechanical Open Face Pocket Watch and Cufflinks Set → gents-mechanical-watch-and-cufflinks-set-7b3f8b
Wrote shopify/out/mullingarpewter_shopify_unlisted.csv
URLs found: 177 | scraped: 175 | rows: 536
Images kept: 1411 | placeholder replacements: 0
Status forced to unlisted; Published forced to false
Warnings: 5 (see shopify/out/mullingarpewter_shopify_unlisted.meta.json)
